   Compiling proc-macro2 v1.0.107
   Compiling unicode-ident v1.0.26
   Compiling quote v1.0.47
   Compiling libc v0.2.189
   Compiling version_check v0.9.5
   Compiling cfg-if v1.0.5
   Compiling libm v0.2.16
   Compiling autocfg v1.5.1
   Compiling zerocopy v0.8.59
   Compiling shlex v2.0.1
   Compiling find-msvc-tools v0.1.14
   Compiling once_cell v1.21.4
   Compiling const-oid v0.9.6
   Compiling subtle v2.6.1
   Compiling typenum v1.20.1
   Compiling serde_core v1.0.229
   Compiling crossbeam-utils v0.8.23
   Compiling rustix v1.1.5
   Compiling getrandom v0.4.3
   Compiling crossbeam-epoch v0.9.21
   Compiling bitflags v2.13.2
   Compiling generic-array v0.14.7
   Compiling crossbeam-deque v0.8.8
   Compiling cpufeatures v0.2.17
   Compiling hex v0.4.3
   Compiling linux-raw-sys v0.12.1
   Compiling either v1.18.0
   Compiling rayon-core v1.13.0
   Compiling option-ext v0.2.0
   Compiling num-traits v0.2.19
   Compiling rustversion v1.0.23
   Compiling fastrand v2.5.0
   Compiling paste v1.0.15
   Compiling memchr v2.8.3
   Compiling syn v3.0.6
   Compiling syn v2.0.119
   Compiling thiserror v2.0.21
   Compiling equivalent v1.0.2
   Compiling jobserver v0.1.35
   Compiling block-buffer v0.10.4
   Compiling crypto-common v0.1.7
   Compiling dirs-sys v0.5.0
   Compiling digest v0.10.7
   Compiling getrandom v0.2.17
   Compiling hashbrown v0.17.1
   Compiling cc v1.5.1
   Compiling sha2 v0.10.9
   Compiling rand_core v0.6.4
   Compiling pin-project-lite v0.2.17
   Compiling directories v6.0.0
   Compiling serde v1.0.229
   Compiling zeroize v1.9.0
   Compiling scopeguard v1.2.0
   Compiling strsim v0.11.1
   Compiling winnow v1.0.4
   Compiling num-integer v0.1.47
   Compiling indexmap v2.14.2
   Compiling rayon v1.12.0
   Compiling smallvec v1.16.2
   Compiling ident_case v1.0.1
   Compiling lock_api v0.4.14
   Compiling toml_datetime v1.1.1+spec-1.1.0
   Compiling cfg_aliases v0.2.2
   Compiling tempfile v3.27.0
   Compiling stable_deref_trait v1.2.1
   Compiling itoa v1.0.18
   Compiling borsh v1.8.1
   Compiling byteorder v1.5.0
   Compiling futures-core v0.3.34
   Compiling getrandom v0.3.4
   Compiling semver v1.0.28
   Compiling log v0.4.34
   Compiling bytes v1.12.1
   Compiling ahash v0.8.12
   Compiling tracing-core v0.1.36
   Compiling parking_lot_core v0.9.12
   Compiling futures-sink v0.3.34
   Compiling anyhow v1.0.104
   Compiling unicode-xid v0.2.6
   Compiling futures-channel v0.3.34
   Compiling encoding_rs v0.8.42
   Compiling rand_core v0.9.5
   Compiling num-bigint-dig v0.8.6
   Compiling syn v1.0.109
   Compiling zmij v1.0.23
   Compiling writeable v0.6.4
   Compiling litemap v0.8.3
   Compiling glob v0.3.4
   Compiling toml_parser v1.1.3+spec-1.1.0
   Compiling mio v1.2.3
   Compiling socket2 v0.6.5
   Compiling slab v0.4.12
   Compiling futures-io v0.3.34
   Compiling utf8_iter v1.0.4
   Compiling nvtx v1.3.0
   Compiling ring v0.17.14
   Compiling icu_properties_data v2.3.0
   Compiling icu_normalizer_data v2.3.0
   Compiling futures-task v0.3.34
   Compiling parking_lot v0.12.5
   Compiling toml_edit v0.25.15+spec-1.1.0
   Compiling tokio v1.53.1
   Compiling http v1.5.0
   Compiling itertools v0.10.5
   Compiling num-bigint v0.3.3
   Compiling ppv-lite86 v0.2.21
   Compiling risc0-build-kernel v2.0.1
   Compiling fnv v1.0.7
   Compiling ruint-macro v1.2.1
   Compiling proc-macro-crate v3.5.0
   Compiling percent-encoding v2.3.2
   Compiling rand_chacha v0.3.1
   Compiling serde_json v1.0.151
   Compiling multiversion_no_op v1.0.0
   Compiling http-body v1.1.0
   Compiling risc0-sys v1.5.0
   Compiling synstructure v0.14.0
   Compiling darling_core v0.24.1
   Compiling darling_core v0.20.11
   Compiling rand v0.8.8
   Compiling spin v0.9.9
   Compiling rustls-pki-types v1.15.1
   Compiling foldhash v0.1.5
   Compiling heck v0.5.0
   Compiling untrusted v0.9.0
   Compiling allocator-api2 v0.2.21
   Compiling httparse v1.10.1
   Compiling camino v1.2.6
   Compiling radium v0.7.0
   Compiling ark-std v0.5.0
   Compiling puffin v0.19.1
   Compiling num-bigint v0.4.8
   Compiling hashbrown v0.15.5
   Compiling matrixmultiply v0.3.11
   Compiling try-lock v0.2.5
   Compiling base64ct v1.8.3
   Compiling tap v1.0.1
   Compiling pkg-config v0.3.34
   Compiling tower-service v0.3.3
   Compiling tracing-attributes v0.1.31
   Compiling num_enum_derive v0.7.6
   Compiling zeroize_derive v1.5.0
   Compiling serde_derive v1.0.229
   Compiling thiserror-impl v2.0.21
   Compiling bytemuck_derive v1.12.1
   Compiling zerofrom-derive v0.1.8
   Compiling yoke-derive v0.8.3
   Compiling displaydoc v0.2.7
   Compiling zerovec-derive v0.11.6
   Compiling borsh-derive v1.8.1
   Compiling stability v0.2.1
   Compiling tracing v0.1.44
   Compiling derive_more-impl v2.1.1
   Compiling bytemuck v1.25.2
   Compiling futures-macro v0.3.34
   Compiling enum-ordinalize-derive v4.4.2
   Compiling zerofrom v0.1.8
   Compiling yoke v0.8.3
   Compiling darling_macro v0.24.1
   Compiling risc0-core v3.0.2
   Compiling darling_macro v0.20.11
   Compiling ark-serialize-derive v0.5.0
   Compiling strum_macros v0.27.2
   Compiling zerovec v0.11.8
   Compiling zerotrie v0.2.5
   Compiling darling v0.24.1
   Compiling enum-ordinalize v4.4.2
   Compiling rustls v0.23.45
   Compiling serde_with_macros v3.24.0
   Compiling arrayvec v0.7.8
   Compiling educe v0.6.0
   Compiling darling v0.20.11
   Compiling futures-util v0.3.34
   Compiling num_enum v0.7.6
   Compiling ark-ff-macros v0.5.0
   Compiling addchain v0.2.1
   Compiling ark-serialize v0.5.0
   Compiling liblzma-sys v0.4.9
   Compiling ark-ff-asm v0.5.0
   Compiling wyz v0.5.1
   Compiling tinystr v0.8.4
   Compiling potential_utf v0.1.6
   Compiling pem-rfc7468 v0.7.0
   Compiling icu_collections v2.3.0
   Compiling want v0.3.1
   Compiling icu_locale_core v2.3.0
   Compiling form_urlencoded v1.2.2
   Compiling rand_chacha v0.9.0
   Compiling rustc_version v0.4.1
   Compiling blake2 v0.10.6
   Compiling itertools v0.13.0
   Compiling funty v2.0.0
   Compiling atomic-waker v1.1.2
   Compiling crc32fast v1.5.2
   Compiling rawpointer v0.2.1
   Compiling heapless v0.7.17
   Compiling hyper v1.11.1
   Compiling rand v0.9.5
   Compiling der v0.7.10
   Compiling icu_provider v2.3.1
   Compiling rustls-webpki v0.103.15
   Compiling bitvec v1.1.1
   Compiling ff_derive v0.13.1
   Compiling risc0-zkvm-platform v2.2.3
   Compiling icu_normalizer v2.3.0
   Compiling icu_properties v2.3.0
   Compiling derive_builder_core v0.20.2
   Compiling lazy_static v1.5.0
   Compiling sync_wrapper v1.0.2
   Compiling num-complex v0.4.6
   Compiling simd-adler32 v0.3.10
   Compiling risc0-zkp v3.0.5
   Compiling base64 v0.23.1
   Compiling tower-layer v0.3.3
   Compiling ipnet v2.12.2
   Compiling ark-ff v0.5.0
   Compiling spki v0.7.3
   Compiling derive_more v2.1.1
   Compiling tower v0.5.3
   Compiling webpki-roots v1.0.9
   Compiling hyper-util v0.1.21
   Compiling hash32 v0.2.1
   Compiling thiserror v1.0.69
   Compiling hex-literal v0.4.1
   Compiling adler2 v2.0.1
   Compiling ryu v1.0.23
   Compiling derive_builder_macro v0.20.2
   Compiling miniz_oxide v0.9.1
   Compiling serde_urlencoded v0.7.1
   Compiling idna_adapter v1.2.2
   Compiling pkcs8 v0.10.2
   Compiling futures-executor v0.3.34
   Compiling toml_datetime v0.6.11
   Compiling idna v1.1.0
   Compiling serde_spanned v0.6.9
   Compiling cobs v0.3.0
   Compiling thiserror-impl v1.0.69
   Compiling http-body-util v0.1.5
   Compiling hashbrown v0.14.5
   Compiling num-iter v0.1.46
   Compiling aho-corasick v1.1.5
   Compiling itertools v0.11.0
   Compiling url v2.5.8
   Compiling winnow v0.7.15
   Compiling core_detect v1.0.0
   Compiling ndarray v0.16.1
   Compiling malachite-nz v0.4.22
   Compiling toml_write v0.1.2
   Compiling simdutf8 v0.1.5
   Compiling ff v0.13.1
   Compiling tower-http v0.6.11
   Compiling regex-syntax v0.8.11
   Compiling base64 v0.22.1
   Compiling postcard v1.1.3
   Compiling hashlink v0.10.0
   Compiling flate2 v1.1.10
   Compiling futures v0.3.34
   Compiling pkcs1 v0.7.5
   Compiling ruint v1.20.1
   Compiling malachite-base v0.4.22
   Compiling risc0-circuit-recursion-sys v4.0.3
   Compiling tracing-subscriber v0.2.25
   Compiling signature v2.2.0
   Compiling toml_edit v0.22.27
   Compiling keccak v0.1.6
   Compiling arraydeque v0.5.1
   Compiling tokio-rustls v0.26.5
   Compiling elf v0.7.4
   Compiling hyper-rustls v0.27.10
   Compiling regex-automata v0.4.18
   Compiling reqwest v0.12.28
   Compiling yaml-rust2 v0.10.4
   Compiling rsa v0.9.10
   Compiling downloader v0.2.8
   Compiling toml v0.8.23
   Compiling regex v1.13.1
   Compiling strum v0.27.2
   Compiling cargo-platform v0.1.9
   Compiling serde_with v3.24.0
   Compiling ark-poly v0.5.0
   Compiling ark-relations v0.5.1
   Compiling risc0-circuit-keccak-sys v4.0.3
   Compiling typeid v1.0.3
   Compiling static_assertions v1.1.0
   Compiling no_std_strings v0.1.3
   Compiling include_bytes_aligned v0.1.4
   Compiling zip v2.4.2
   Compiling bumpalo v3.20.3
   Compiling risc0-zkos-v1compat v2.2.3
   Compiling twox-hash v1.6.3
   Compiling ark-snark v0.5.1
   Compiling zopfli v0.8.3
   Compiling risc0-binfmt v3.0.5
   Compiling ark-ec v0.5.0
   Compiling cargo_metadata v0.19.2
   Compiling rzup v0.5.2
   Compiling lazy-regex-proc_macros v3.6.1
   Compiling risc0-circuit-recursion v4.0.5
   Compiling merlin v3.0.0
   Compiling derive_builder v0.20.2
   Compiling derivative v2.2.0
   Compiling ark-crypto-primitives-macros v0.5.0
   Compiling risc0-circuit-rv32im-sys v4.0.3
   Compiling dirs v6.0.0
   Compiling docker-generate v0.1.3
   Compiling pastey v0.2.3
   Compiling managed v0.8.0
   Compiling erased-serde v0.4.10
   Compiling cpp_demangle v0.4.5
   Compiling object v0.36.7
   Compiling liblzma v0.4.8
   Compiling risc0-build v3.0.6
   Compiling risc0-circuit-keccak v4.0.6
   Compiling gdbstub v0.7.10
   Compiling lazy-regex v3.6.1
   Compiling ruzstd v0.7.3
   Compiling safe_arch v0.7.4
   Compiling enum-map-derive v0.17.0
   Compiling ark-crypto-primitives v0.5.0
   Compiling itertools v0.14.0
   Compiling typetag v0.2.23
   Compiling fallible-iterator v0.3.0
   Compiling methods v0.1.0 (/home/blacksparrow/Desktop/auditable-by-design/zk/methods)
   Compiling enum-map v2.7.3
   Compiling ark-groth16 v0.5.0
   Compiling gimli v0.31.1
   Compiling wide v0.7.33
   Compiling gdbstub_arch v0.3.3
   Compiling ark-bn254 v0.5.0
   Compiling prost-derive v0.13.5
   Compiling typetag-impl v0.2.23
   Compiling num-derive v0.4.2
   Compiling memmap2 v0.9.11
   Compiling typed-arena v2.0.2
   Compiling bit-vec v0.8.0
   Compiling ringbuffer v0.15.0
   Compiling downcast-rs v1.2.1
   Compiling inventory v0.3.24
   Compiling rustc-demangle v0.1.28
   Compiling rrs-lib v0.1.0
   Compiling risc0-groth16 v3.0.5
   Compiling prost v0.13.5
   Compiling bincode v1.3.3
   Compiling addr2line v0.24.2
   Compiling malachite-q v0.4.22
   Compiling malachite-float v0.4.22
   Compiling malachite v0.4.22
   Compiling risc0-circuit-rv32im v4.0.5
   Compiling risc0-zkvm v3.0.6
   Compiling abd-zk-host v0.1.0 (/home/blacksparrow/Desktop/auditable-by-design/zk/host)
    Finished `release` profile [optimized + debuginfo] target(s) in 5m 52s

real	5m53.284s
user	50m4.132s
sys	1m23.625s
exit=0
